// Vitest Snapshot v1, https://vitest.dev/guide/snapshot.html

exports[`RecentEntryItem > should match the snapshot 1`] = `
[
  <div
    class="MuiButtonBase-root MuiListItemButton-root MuiListItemButton-gutters MuiListItemButton-root MuiListItemButton-gutters css-1nmdcmv-MuiButtonBase-root-MuiListItemButton-root"
    role="button"
    tabindex="0"
  >
    <div
      class="MuiListItemText-root MuiListItemText-multiline css-konndc-MuiListItemText-root"
    >
      <span
        class="MuiTypography-root MuiTypography-body1 MuiListItemText-primary css-10hburv-MuiTypography-root"
      >
        <div
          style="display: flex; align-items: center; justify-content: space-between;"
        >
          <span
            style="color: red; font-size: 26px;"
          >
            -12
          </span>
          <span>
            health
          </span>
          <span>
            date
          </span>
        </div>
      </span>
      <p
        class="MuiTypography-root MuiTypography-body2 MuiListItemText-secondary css-83ijpv-MuiTypography-root"
      >
        string
      </p>
    </div>
    <span
      class="MuiTouchRipple-root css-8je8zh-MuiTouchRipple-root"
    />
  </div>,
]
`;
